2025-06-19T07:16:58.8946186Z Current runner version: '2.325.0'
2025-06-19T07:16:58.8971485Z ##[group]Operating System
2025-06-19T07:16:58.8972356Z Ubuntu
2025-06-19T07:16:58.8972795Z 24.04.2
2025-06-19T07:16:58.8973237Z LTS
2025-06-19T07:16:58.8973746Z ##[endgroup]
2025-06-19T07:16:58.8974250Z ##[group]Runner Image
2025-06-19T07:16:58.8974809Z Image: ubuntu-24.04
2025-06-19T07:16:58.8975376Z Version: 20250615.1.0
2025-06-19T07:16:58.8976352Z Included Software: https://github.com/actions/runner-images/blob/ubuntu24/20250615.1/images/ubuntu/Ubuntu2404-Readme.md
2025-06-19T07:16:58.8977862Z Image Release: https://github.com/actions/runner-images/releases/tag/ubuntu24%2F20250615.1
2025-06-19T07:16:58.8978931Z ##[endgroup]
2025-06-19T07:16:58.8979393Z ##[group]Runner Image Provisioner
2025-06-19T07:16:58.8979995Z 2.0.437.1
2025-06-19T07:16:58.8980442Z ##[endgroup]
2025-06-19T07:16:58.8981468Z ##[group]GITHUB_TOKEN Permissions
2025-06-19T07:16:58.8983296Z Contents: read
2025-06-19T07:16:58.8983937Z Metadata: read
2025-06-19T07:16:58.8984591Z Pages: write
2025-06-19T07:16:58.8985179Z ##[endgroup]
2025-06-19T07:16:58.8987184Z Secret source: Actions
2025-06-19T07:16:58.8988123Z Prepare workflow directory
2025-06-19T07:16:58.9320060Z Prepare all required actions
2025-06-19T07:16:58.9356214Z Getting action download info
2025-06-19T07:16:59.3471983Z ##[group]Download immutable action package 'actions/checkout@v4'
2025-06-19T07:16:59.3473033Z Version: 4.2.2
2025-06-19T07:16:59.3474153Z Digest: sha256:ccb2698953eaebd21c7bf6268a94f9c26518a7e38e27e0b83c1fe1ad049819b1
2025-06-19T07:16:59.3475423Z Source commit SHA: 11bd71901bbe5b1630ceea73d27597364c9af683
2025-06-19T07:16:59.3476166Z ##[endgroup]
2025-06-19T07:16:59.4467609Z ##[group]Download immutable action package 'actions/configure-pages@v4'
2025-06-19T07:16:59.4468738Z Version: 4.0.0
2025-06-19T07:16:59.4469589Z Digest: sha256:95f920ee91072a3e9596eff2a708d14f0fefa72b4770cbf7902965dfc6b8de4c
2025-06-19T07:16:59.4470628Z Source commit SHA: 1f0c5cde4bc74cd7e1254d0cb4de8d49e9068c7d
2025-06-19T07:16:59.4471370Z ##[endgroup]
2025-06-19T07:16:59.7987145Z Download action repository 'ruby/setup-ruby@v1' (SHA:a4effe49ee8ee5b8b5091268c473a4628afb5651)
2025-06-19T07:17:00.2876803Z ##[group]Download immutable action package 'actions/upload-pages-artifact@v3'
2025-06-19T07:17:00.2878478Z Version: 3.0.1
2025-06-19T07:17:00.2879735Z Digest: sha256:aa65de5e734350e024ca30fe125144b6260e68160e01349fc79f7e321ec35490
2025-06-19T07:17:00.2881384Z Source commit SHA: 56afc609e74202658d3ffba0e8f6dda462b719fa
2025-06-19T07:17:00.2882605Z ##[endgroup]
2025-06-19T07:17:00.6761476Z Getting action download info
2025-06-19T07:17:00.8259140Z ##[group]Download immutable action package 'actions/upload-artifact@v4'
2025-06-19T07:17:00.8260634Z Version: 4.6.2
2025-06-19T07:17:00.8261969Z Digest: sha256:290722aa3281d5caf23d0acdc3dbeb3424786a1a01a9cc97e72f147225e37c38
2025-06-19T07:17:00.8263777Z Source commit SHA: ea165f8d65b6e75b540449e92b4886f43607fa02
2025-06-19T07:17:00.8265048Z ##[endgroup]
2025-06-19T07:17:00.9668099Z Complete job name: build
2025-06-19T07:17:01.0446761Z ##[group]Run actions/checkout@v4
2025-06-19T07:17:01.0448158Z with:
2025-06-19T07:17:01.0448851Z   fetch-depth: 0
2025-06-19T07:17:01.0449717Z   repository: gongchunru/gongchunru.github.io
2025-06-19T07:17:01.0451013Z   token: ***
2025-06-19T07:17:01.0451739Z   ssh-strict: true
2025-06-19T07:17:01.0452507Z   ssh-user: git
2025-06-19T07:17:01.0453289Z   persist-credentials: true
2025-06-19T07:17:01.0454156Z   clean: true
2025-06-19T07:17:01.0454937Z   sparse-checkout-cone-mode: true
2025-06-19T07:17:01.0455881Z   fetch-tags: false
2025-06-19T07:17:01.0456657Z   show-progress: true
2025-06-19T07:17:01.0457438Z   lfs: false
2025-06-19T07:17:01.0458339Z   submodules: false
2025-06-19T07:17:01.0459122Z   set-safe-directory: true
2025-06-19T07:17:01.0460239Z ##[endgroup]
2025-06-19T07:17:01.2512088Z Syncing repository: gongchunru/gongchunru.github.io
2025-06-19T07:17:01.2514762Z ##[group]Getting Git version info
2025-06-19T07:17:01.2516520Z Working directory is '/home/runner/work/gongchunru.github.io/gongchunru.github.io'
2025-06-19T07:17:01.2519180Z [command]/usr/bin/git version
2025-06-19T07:17:01.2646215Z git version 2.49.0
2025-06-19T07:17:01.2674380Z ##[endgroup]
2025-06-19T07:17:01.2694653Z Temporarily overriding HOME='/home/runner/work/_temp/3416afc9-077d-4d3f-a1d3-bb03650fb359' before making global git config changes
2025-06-19T07:17:01.2697227Z Adding repository directory to the temporary git global config as a safe directory
2025-06-19T07:17:01.2700214Z [command]/usr/bin/git config --global --add safe.directory /home/runner/work/gongchunru.github.io/gongchunru.github.io
2025-06-19T07:17:01.2736194Z Deleting the contents of '/home/runner/work/gongchunru.github.io/gongchunru.github.io'
2025-06-19T07:17:01.2740375Z ##[group]Initializing the repository
2025-06-19T07:17:01.2744187Z [command]/usr/bin/git init /home/runner/work/gongchunru.github.io/gongchunru.github.io
2025-06-19T07:17:01.2827647Z hint: Using 'master' as the name for the initial branch. This default branch name
2025-06-19T07:17:01.2830111Z hint: is subject to change. To configure the initial branch name to use in all
2025-06-19T07:17:01.2831937Z hint: of your new repositories, which will suppress this warning, call:
2025-06-19T07:17:01.2833456Z hint:
2025-06-19T07:17:01.2834906Z hint: 	git config --global init.defaultBranch <name>
2025-06-19T07:17:01.2836712Z hint:
2025-06-19T07:17:01.2838476Z hint: Names commonly chosen instead of 'master' are 'main', 'trunk' and
2025-06-19T07:17:01.2840190Z hint: 'development'. The just-created branch can be renamed via this command:
2025-06-19T07:17:01.2841523Z hint:
2025-06-19T07:17:01.2842368Z hint: 	git branch -m <name>
2025-06-19T07:17:01.2844401Z Initialized empty Git repository in /home/runner/work/gongchunru.github.io/gongchunru.github.io/.git/
2025-06-19T07:17:01.2849006Z [command]/usr/bin/git remote add origin https://github.com/gongchunru/gongchunru.github.io
2025-06-19T07:17:01.2883912Z ##[endgroup]
2025-06-19T07:17:01.2885282Z ##[group]Disabling automatic garbage collection
2025-06-19T07:17:01.2887287Z [command]/usr/bin/git config --local gc.auto 0
2025-06-19T07:17:01.2915813Z ##[endgroup]
2025-06-19T07:17:01.2917038Z ##[group]Setting up auth
2025-06-19T07:17:01.2922414Z [command]/usr/bin/git config --local --name-only --get-regexp core\.sshCommand
2025-06-19T07:17:01.2952906Z [command]/usr/bin/git submodule foreach --recursive sh -c "git config --local --name-only --get-regexp 'core\.sshCommand' && git config --local --unset-all 'core.sshCommand' || :"
2025-06-19T07:17:01.3286592Z [command]/usr/bin/git config --local --name-only --get-regexp http\.https\:\/\/github\.com\/\.extraheader
2025-06-19T07:17:01.3317394Z [command]/usr/bin/git submodule foreach --recursive sh -c "git config --local --name-only --get-regexp 'http\.https\:\/\/github\.com\/\.extraheader' && git config --local --unset-all 'http.https://github.com/.extraheader' || :"
2025-06-19T07:17:01.3544192Z [command]/usr/bin/git config --local http.https://github.com/.extraheader AUTHORIZATION: basic ***
2025-06-19T07:17:01.3584236Z ##[endgroup]
2025-06-19T07:17:01.3586474Z ##[group]Fetching the repository
2025-06-19T07:17:01.3595868Z [command]/usr/bin/git -c protocol.version=2 fetch --prune --no-recurse-submodules origin +refs/heads/*:refs/remotes/origin/* +refs/tags/*:refs/tags/*
2025-06-19T07:17:02.2247016Z From https://github.com/gongchunru/gongchunru.github.io
2025-06-19T07:17:02.2247912Z  * [new branch]      master     -> origin/master
2025-06-19T07:17:02.2286331Z [command]/usr/bin/git branch --list --remote origin/master
2025-06-19T07:17:02.2309485Z   origin/master
2025-06-19T07:17:02.2319068Z [command]/usr/bin/git rev-parse refs/remotes/origin/master
2025-06-19T07:17:02.2338642Z a647edecf1d7d534a3064ef5d4e0a05a97b9b9b9
2025-06-19T07:17:02.2344229Z ##[endgroup]
2025-06-19T07:17:02.2344869Z ##[group]Determining the checkout info
2025-06-19T07:17:02.2345583Z ##[endgroup]
2025-06-19T07:17:02.2350005Z [command]/usr/bin/git sparse-checkout disable
2025-06-19T07:17:02.2388275Z [command]/usr/bin/git config --local --unset-all extensions.worktreeConfig
2025-06-19T07:17:02.2413045Z ##[group]Checking out the ref
2025-06-19T07:17:02.2416781Z [command]/usr/bin/git checkout --progress --force -B master refs/remotes/origin/master
2025-06-19T07:17:02.2649188Z Reset branch 'master'
2025-06-19T07:17:02.2652537Z branch 'master' set up to track 'origin/master'.
2025-06-19T07:17:02.2659344Z ##[endgroup]
2025-06-19T07:17:02.2693655Z [command]/usr/bin/git log -1 --format=%H
2025-06-19T07:17:02.2715670Z a647edecf1d7d534a3064ef5d4e0a05a97b9b9b9
2025-06-19T07:17:02.2893566Z ##[group]Run actions/configure-pages@v4
2025-06-19T07:17:02.2893901Z with:
2025-06-19T07:17:02.2894296Z   token: ***
2025-06-19T07:17:02.2894521Z   enablement: false
2025-06-19T07:17:02.2894739Z ##[endgroup]
2025-06-19T07:17:02.5915289Z ##[group]Run ruby/setup-ruby@v1
2025-06-19T07:17:02.5915604Z with:
2025-06-19T07:17:02.5915815Z   ruby-version: 3.3
2025-06-19T07:17:02.5916042Z   bundler-cache: true
2025-06-19T07:17:02.5916272Z env:
2025-06-19T07:17:02.5916471Z   GITHUB_PAGES: true
2025-06-19T07:17:02.5916716Z ##[endgroup]
2025-06-19T07:17:02.7432473Z ##[group]Modifying PATH
2025-06-19T07:17:02.7436427Z Entries added to PATH to use selected Ruby:
2025-06-19T07:17:02.7440491Z   /opt/hostedtoolcache/Ruby/3.3.8/x64/bin
2025-06-19T07:17:02.7441469Z ##[endgroup]
2025-06-19T07:17:02.7448712Z ##[group]Print Ruby version
2025-06-19T07:17:02.7496604Z [command]/opt/hostedtoolcache/Ruby/3.3.8/x64/bin/ruby --version
2025-06-19T07:17:03.1677518Z ruby 3.3.8 (2025-04-09 revision b200bad6cd) [x86_64-linux]
2025-06-19T07:17:03.1712730Z Took   0.43 seconds
2025-06-19T07:17:03.1713783Z ##[endgroup]
2025-06-19T07:17:03.1714956Z ##[group]Installing Bundler
2025-06-19T07:17:03.1721135Z Using Bundler 2.5.9 from Gemfile.lock BUNDLED WITH 2.5.9
2025-06-19T07:17:03.1725573Z [command]/opt/hostedtoolcache/Ruby/3.3.8/x64/bin/gem install bundler -v 2.5.9
2025-06-19T07:17:05.0129384Z Successfully installed bundler-2.5.9
2025-06-19T07:17:05.0130149Z 1 gem installed
2025-06-19T07:17:05.0179383Z Took   1.85 seconds
2025-06-19T07:17:05.0180461Z ##[endgroup]
2025-06-19T07:17:05.0182577Z > bundle install
2025-06-19T07:17:05.0198833Z [command]/opt/hostedtoolcache/Ruby/3.3.8/x64/bin/bundle config --local path /home/runner/work/gongchunru.github.io/gongchunru.github.io/vendor/bundle
2025-06-19T07:17:05.2102632Z [command]/opt/hostedtoolcache/Ruby/3.3.8/x64/bin/bundle config --local deployment true
2025-06-19T07:17:05.3543314Z Cache key: setup-ruby-bundler-cache-v6-ubuntu-24.04-x64-ruby-3.3.8-wd-/home/runner/work/gongchunru.github.io/gongchunru.github.io-with--without--only--Gemfile.lock-1cc4fdbb9943863faf81fd62d2bf3af2bdb1fef61917e12554df2dd400012298
2025-06-19T07:17:05.5417457Z Cache hit for: setup-ruby-bundler-cache-v6-ubuntu-24.04-x64-ruby-3.3.8-wd-/home/runner/work/gongchunru.github.io/gongchunru.github.io-with--without--only--Gemfile.lock-1cc4fdbb9943863faf81fd62d2bf3af2bdb1fef61917e12554df2dd400012298
2025-06-19T07:17:06.6939690Z Received 16611409 of 29194321 (56.9%), 15.8 MBs/sec
2025-06-19T07:17:06.8186704Z Received 29194321 of 29194321 (100.0%), 24.7 MBs/sec
2025-06-19T07:17:06.8187616Z Cache Size: ~28 MB (29194321 B)
2025-06-19T07:17:06.8276140Z [command]/usr/bin/tar -xf /home/runner/work/_temp/d86ee4ae-66cf-4e86-b8b0-b9c45977d557/cache.tzst -P -C /home/runner/work/gongchunru.github.io/gongchunru.github.io --use-compress-program unzstd
2025-06-19T07:17:07.0669268Z Cache restored successfully
2025-06-19T07:17:07.0728152Z Found cache for key: setup-ruby-bundler-cache-v6-ubuntu-24.04-x64-ruby-3.3.8-wd-/home/runner/work/gongchunru.github.io/gongchunru.github.io-with--without--only--Gemfile.lock-1cc4fdbb9943863faf81fd62d2bf3af2bdb1fef61917e12554df2dd400012298
2025-06-19T07:17:07.0740159Z [command]/opt/hostedtoolcache/Ruby/3.3.8/x64/bin/bundle install --jobs 4
2025-06-19T07:17:07.4336215Z Bundle complete! 5 Gemfile dependencies, 63 gems now installed.
2025-06-19T07:17:07.4336792Z Bundled gems are installed into `./vendor/bundle`
2025-06-19T07:17:07.4337238Z 1 installed gem you directly depend on is looking for funding.
2025-06-19T07:17:07.4338507Z   Run `bundle fund` for details
2025-06-19T07:17:07.4393748Z Took   2.42 seconds
2025-06-19T07:17:07.4535698Z ##[group]Run bundle exec jekyll b -d "_site"
2025-06-19T07:17:07.4536059Z [36;1mbundle exec jekyll b -d "_site"[0m
2025-06-19T07:17:07.4636911Z shell: /usr/bin/bash -e {0}
2025-06-19T07:17:07.4637209Z env:
2025-06-19T07:17:07.4637389Z   GITHUB_PAGES: true
2025-06-19T07:17:07.4637594Z   JEKYLL_ENV: production
2025-06-19T07:17:07.4637954Z ##[endgroup]
2025-06-19T07:17:08.0792901Z Configuration file: /home/runner/work/gongchunru.github.io/gongchunru.github.io/_config.yml
2025-06-19T07:17:08.0870025Z  Theme Config file: /home/runner/work/gongchunru.github.io/gongchunru.github.io/_config.yml
2025-06-19T07:17:08.1117979Z             Source: /home/runner/work/gongchunru.github.io/gongchunru.github.io
2025-06-19T07:17:08.1118911Z        Destination: /home/runner/work/gongchunru.github.io/gongchunru.github.io/_site
2025-06-19T07:17:08.1119714Z  Incremental build: disabled. Enable with --incremental
2025-06-19T07:17:08.1120285Z       Generating... 
2025-06-19T07:17:09.3958965Z [33m          Skipping: _posts/2025/2025-12-28-onuro-ai-plugin.md has a future date[0m
2025-06-19T07:17:12.3188138Z DEPRECATION WARNING [import]: Sass @import rules are deprecated and will be removed in Dart Sass 3.0.0.
2025-06-19T07:17:12.3188558Z 
2025-06-19T07:17:12.3188755Z More info and automated migrator: https://sass-lang.com/d/import
2025-06-19T07:17:12.3189021Z 
2025-06-19T07:17:12.3189265Z   ╷
2025-06-19T07:17:12.3189473Z 5 │ @import 'main';
2025-06-19T07:17:12.3189679Z   │         ^^^^^^
2025-06-19T07:17:12.3189857Z   ╵
2025-06-19T07:17:12.3190607Z     /home/runner/work/gongchunru.github.io/gongchunru.github.io/assets/css/jekyll-theme-chirpy.scss 5:9  root stylesheet
2025-06-19T07:17:13.8438846Z [33m          Conflict: The following destination is shared by multiple files.[0m
2025-06-19T07:17:13.8439978Z [33m                    The written file may end up with unexpected contents.[0m
2025-06-19T07:17:13.8441309Z [33m                    [36m/home/runner/work/gongchunru.github.io/gongchunru.github.io/_site/robots.txt[0m[0m
2025-06-19T07:17:13.8442431Z [33m                     - assets/robots.txt[0m
2025-06-19T07:17:13.8443468Z [33m                     - /home/runner/work/gongchunru.github.io/gongchunru.github.io/robots.txt[0m
2025-06-19T07:17:13.8444385Z [33m                    [0m
2025-06-19T07:17:13.8444883Z [33m          Conflict: The following destination is shared by multiple files.[0m
2025-06-19T07:17:13.8445471Z [33m                    The written file may end up with unexpected contents.[0m
2025-06-19T07:17:13.8446229Z [33m                    [36m/home/runner/work/gongchunru.github.io/gongchunru.github.io/_site/tags/vps/index.html[0m[0m
2025-06-19T07:17:13.8446864Z [33m                     - tags/vps/index.html[0m
2025-06-19T07:17:13.8447237Z [33m                     - tags/vps/index.html[0m
2025-06-19T07:17:13.8447558Z [33m                    [0m
2025-06-19T07:17:13.8448192Z [33m          Conflict: The following destination is shared by multiple files.[0m
2025-06-19T07:17:13.8448777Z [33m                    The written file may end up with unexpected contents.[0m
2025-06-19T07:17:13.8449396Z [33m                    [36m/home/runner/work/gongchunru.github.io/gongchunru.github.io/_site/tags/ai/index.html[0m[0m
2025-06-19T07:17:13.8449888Z [33m                     - tags/ai/index.html[0m
2025-06-19T07:17:13.8450195Z [33m                     - tags/ai/index.html[0m
2025-06-19T07:17:13.8450463Z [33m                    [0m
2025-06-19T07:17:13.8450820Z [33m          Conflict: The following destination is shared by multiple files.[0m
2025-06-19T07:17:13.8451270Z [33m                    The written file may end up with unexpected contents.[0m
2025-06-19T07:17:13.8451876Z [33m                    [36m/home/runner/work/gongchunru.github.io/gongchunru.github.io/_site/tags/cursor/index.html[0m[0m
2025-06-19T07:17:13.8452394Z [33m                     - tags/cursor/index.html[0m
2025-06-19T07:17:13.8452940Z [33m                     - tags/cursor/index.html[0m
2025-06-19T07:17:13.8453377Z [33m                    [0m
2025-06-19T07:17:13.8453738Z [33m          Conflict: The following destination is shared by multiple files.[0m
2025-06-19T07:17:13.8454185Z [33m                    The written file may end up with unexpected contents.[0m
2025-06-19T07:17:13.8454782Z [33m                    [36m/home/runner/work/gongchunru.github.io/gongchunru.github.io/_site/tags/gemini/index.html[0m[0m
2025-06-19T07:17:13.8455293Z [33m                     - tags/gemini/index.html[0m
2025-06-19T07:17:13.8455596Z [33m                     - tags/gemini/index.html[0m
2025-06-19T07:17:13.8455853Z [33m                    [0m
2025-06-19T07:17:13.8456203Z [33m          Conflict: The following destination is shared by multiple files.[0m
2025-06-19T07:17:13.8456663Z [33m                    The written file may end up with unexpected contents.[0m
2025-06-19T07:17:13.8457279Z [33m                    [36m/home/runner/work/gongchunru.github.io/gongchunru.github.io/_site/tags/windsurf/index.html[0m[0m
2025-06-19T07:17:13.8457930Z [33m                     - tags/windsurf/index.html[0m
2025-06-19T07:17:13.8458254Z [33m                     - tags/windsurf/index.html[0m
2025-06-19T07:17:13.8458533Z [33m                    [0m
2025-06-19T07:17:13.8458896Z [33m          Conflict: The following destination is shared by multiple files.[0m
2025-06-19T07:17:13.8459362Z [33m                    The written file may end up with unexpected contents.[0m
2025-06-19T07:17:13.8459972Z [33m                    [36m/home/runner/work/gongchunru.github.io/gongchunru.github.io/_site/tags/codeium/index.html[0m[0m
2025-06-19T07:17:13.8460491Z [33m                     - tags/codeium/index.html[0m
2025-06-19T07:17:13.8460805Z [33m                     - tags/codeium/index.html[0m
2025-06-19T07:17:13.8461098Z [33m                    [0m
2025-06-19T07:17:13.8461488Z [33m          Conflict: The following destination is shared by multiple files.[0m
2025-06-19T07:17:13.8461954Z [33m                    The written file may end up with unexpected contents.[0m
2025-06-19T07:17:13.8462566Z [33m                    [36m/home/runner/work/gongchunru.github.io/gongchunru.github.io/_site/tags/deepseek/index.html[0m[0m
2025-06-19T07:17:13.8463092Z [33m                     - tags/deepseek/index.html[0m
2025-06-19T07:17:13.8463424Z [33m                     - tags/deepseek/index.html[0m
2025-06-19T07:17:13.8463689Z [33m                    [0m
2025-06-19T07:17:13.8464047Z [33m          Conflict: The following destination is shared by multiple files.[0m
2025-06-19T07:17:13.8464506Z [33m                    The written file may end up with unexpected contents.[0m
2025-06-19T07:17:13.8465146Z [33m                    [36m/home/runner/work/gongchunru.github.io/gongchunru.github.io/_site/categories/tools/index.html[0m[0m
2025-06-19T07:17:13.8465691Z [33m                     - categories/tools/index.html[0m
2025-06-19T07:17:13.8466031Z [33m                     - categories/tools/index.html[0m
2025-06-19T07:17:13.8466316Z [33m                    [0m
2025-06-19T07:17:13.8466673Z [33m          Conflict: The following destination is shared by multiple files.[0m
2025-06-19T07:17:13.8467123Z [33m                    The written file may end up with unexpected contents.[0m
2025-06-19T07:17:13.8467871Z [33m                    [36m/home/runner/work/gongchunru.github.io/gongchunru.github.io/_site/2025/cursor-new-version/index.html[0m[0m
2025-06-19T07:17:13.8468687Z [33m                     - /home/runner/work/gongchunru.github.io/gongchunru.github.io/_posts/2025/2025-01-27-cursor-new-version.md[0m
2025-06-19T07:17:13.8469483Z [33m                     - /home/runner/work/gongchunru.github.io/gongchunru.github.io/_posts/2025/2025-02-21-cursor-new-version.md[0m
2025-06-19T07:17:13.8469968Z [33m                    [0m
2025-06-19T07:17:13.8680793Z                     done in 5.756 seconds.
2025-06-19T07:17:13.8681718Z  Auto-regeneration: disabled. Use --watch to enable.
2025-06-19T07:17:13.8892669Z ##[group]Run bundle exec htmlproofer _site \
2025-06-19T07:17:13.8893020Z [36;1mbundle exec htmlproofer _site \[0m
2025-06-19T07:17:13.8893290Z [36;1m  \-\-disable-external \[0m
2025-06-19T07:17:13.8893715Z [36;1m  \-\-ignore-urls "/^http:\/\/127.0.0.1/,/^http:\/\/0.0.0.0/,/^http:\/\/localhost/"[0m
2025-06-19T07:17:13.8952253Z shell: /usr/bin/bash -e {0}
2025-06-19T07:17:13.8952480Z env:
2025-06-19T07:17:13.8952661Z   GITHUB_PAGES: true
2025-06-19T07:17:13.8952857Z ##[endgroup]
2025-06-19T07:17:14.6159130Z Running 3 checks (Images, Links, Scripts) in ["_site"] on *.html files ...
2025-06-19T07:17:14.6159771Z 
2025-06-19T07:17:14.6159778Z 
2025-06-19T07:17:16.3986963Z Checking 572 internal links
2025-06-19T07:17:16.7821203Z Checking internal link hashes in 61 files
2025-06-19T07:17:17.7896875Z Ran on 175 files!
2025-06-19T07:17:17.7897144Z 
2025-06-19T07:17:17.7897152Z 
2025-06-19T07:17:17.7897343Z HTML-Proofer finished successfully.
2025-06-19T07:17:17.7898171Z Finished in 3.18 seconds
2025-06-19T07:17:17.8161794Z ##[group]Run actions/upload-pages-artifact@v3
2025-06-19T07:17:17.8162089Z with:
2025-06-19T07:17:17.8162252Z   path: _site
2025-06-19T07:17:17.8162436Z   name: github-pages
2025-06-19T07:17:17.8162630Z   retention-days: 1
2025-06-19T07:17:17.8162802Z env:
2025-06-19T07:17:17.8162965Z   GITHUB_PAGES: true
2025-06-19T07:17:17.8163150Z ##[endgroup]
2025-06-19T07:17:17.8241039Z ##[group]Run echo ::group::Archive artifact
2025-06-19T07:17:17.8241340Z [36;1mecho ::group::Archive artifact[0m
2025-06-19T07:17:17.8241575Z [36;1mtar \[0m
2025-06-19T07:17:17.8241792Z [36;1m  --dereference --hard-dereference \[0m
2025-06-19T07:17:17.8242071Z [36;1m  --directory "$INPUT_PATH" \[0m
2025-06-19T07:17:17.8242341Z [36;1m  -cvf "$RUNNER_TEMP/artifact.tar" \[0m
2025-06-19T07:17:17.8242590Z [36;1m  --exclude=.git \[0m
2025-06-19T07:17:17.8242811Z [36;1m  --exclude=.github \[0m
2025-06-19T07:17:17.8243020Z [36;1m  .[0m
2025-06-19T07:17:17.8243207Z [36;1mecho ::endgroup::[0m
2025-06-19T07:17:17.8278689Z shell: /usr/bin/sh -e {0}
2025-06-19T07:17:17.8278907Z env:
2025-06-19T07:17:17.8279078Z   GITHUB_PAGES: true
2025-06-19T07:17:17.8279289Z   INPUT_PATH: _site
2025-06-19T07:17:17.8279475Z ##[endgroup]
2025-06-19T07:17:17.8326244Z ##[group]Archive artifact
2025-06-19T07:17:17.8340882Z ./
2025-06-19T07:17:17.8341378Z ./page6/
2025-06-19T07:17:17.8341717Z ./page6/index.html
2025-06-19T07:17:17.8342040Z ./feed.xml
2025-06-19T07:17:17.8342333Z ./2023/
2025-06-19T07:17:17.8342937Z ./2023/perplexity-ai/
2025-06-19T07:17:17.8343542Z ./2023/perplexity-ai/index.html
2025-06-19T07:17:17.8343970Z ./2023/GPT4-for-free/
2025-06-19T07:17:17.8344435Z ./2023/GPT4-for-free/index.html
2025-06-19T07:17:17.8344812Z ./2023/ChatGPT/
2025-06-19T07:17:17.8345127Z ./2023/ChatGPT/index.html
2025-06-19T07:17:17.8345496Z ./2023/ChatGPT-Next-Web/
2025-06-19T07:17:17.8345878Z ./2023/ChatGPT-Next-Web/index.html
2025-06-19T07:17:17.8346279Z ./2022/
2025-06-19T07:17:17.8346596Z ./2022/macbook-dissipate-heat/
2025-06-19T07:17:17.8348533Z ./2022/macbook-dissipate-heat/index.html
2025-06-19T07:17:17.8348984Z ./2022/vps-trojan/
2025-06-19T07:17:17.8349313Z ./2022/vps-trojan/index.html
2025-06-19T07:17:17.8349665Z ./sitemap.xml
2025-06-19T07:17:17.8349971Z ./ADSENSE_CHECKLIST.md
2025-06-19T07:17:17.8350294Z ./page5/
2025-06-19T07:17:17.8350566Z ./page5/index.html
2025-06-19T07:17:17.8350859Z ./terms/
2025-06-19T07:17:17.8351019Z ./terms/index.html
2025-06-19T07:17:17.8351208Z ./ADSENSE_ACTION_PLAN.md
2025-06-19T07:17:17.8351496Z ./process.md
2025-06-19T07:17:17.8351771Z ./tags/
2025-06-19T07:17:17.8352157Z ./tags/ai助手/
2025-06-19T07:17:17.8352597Z ./tags/ai助手/index.html
2025-06-19T07:17:17.8352963Z ./tags/公众号/
2025-06-19T07:17:17.8353282Z ./tags/公众号/index.html
2025-06-19T07:17:17.8353630Z ./tags/大模型/
2025-06-19T07:17:17.8353947Z ./tags/大模型/index.html
2025-06-19T07:17:17.8354249Z ./tags/llm/
2025-06-19T07:17:17.8354517Z ./tags/llm/index.html
2025-06-19T07:17:17.8355072Z ./tags/perplexity/
2025-06-19T07:17:17.8355427Z ./tags/perplexity/index.html
2025-06-19T07:17:17.8355789Z ./tags/google/
2025-06-19T07:17:17.8356082Z ./tags/google/index.html
2025-06-19T07:17:17.8356402Z ./tags/ai-agent/
2025-06-19T07:17:17.8356708Z ./tags/ai-agent/index.html
2025-06-19T07:17:17.8357042Z ./tags/fim/
2025-06-19T07:17:17.8357305Z ./tags/fim/index.html
2025-06-19T07:17:17.8357833Z ./tags/数据隐私/
2025-06-19T07:17:17.8358190Z ./tags/数据隐私/index.html
2025-06-19T07:17:17.8358484Z ./tags/cs/
2025-06-19T07:17:17.8358755Z ./tags/cs/index.html
2025-06-19T07:17:17.8359056Z ./tags/github/
2025-06-19T07:17:17.8359341Z ./tags/github/index.html
2025-06-19T07:17:17.8359665Z ./tags/emby/
2025-06-19T07:17:17.8359951Z ./tags/emby/index.html
2025-06-19T07:17:17.8360260Z ./tags/macos/
2025-06-19T07:17:17.8360553Z ./tags/macos/index.html
2025-06-19T07:17:17.8360870Z ./tags/linux/
2025-06-19T07:17:17.8361146Z ./tags/linux/index.html
2025-06-19T07:17:17.8361461Z ./tags/obsidian/
2025-06-19T07:17:17.8361781Z ./tags/obsidian/index.html
2025-06-19T07:17:17.8362164Z ./tags/软件/
2025-06-19T07:17:17.8362698Z ./tags/软件/index.html
2025-06-19T07:17:17.8363013Z ./tags/markdown/
2025-06-19T07:17:17.8363311Z ./tags/markdown/index.html
2025-06-19T07:17:17.8363644Z ./tags/swe-1-mini/
2025-06-19T07:17:17.8363953Z ./tags/swe-1-mini/index.html
2025-06-19T07:17:17.8364320Z ./tags/deepseek-r1/
2025-06-19T07:17:17.8364633Z ./tags/deepseek-r1/index.html
2025-06-19T07:17:17.8364999Z ./tags/jetbrains/
2025-06-19T07:17:17.8365305Z ./tags/jetbrains/index.html
2025-06-19T07:17:17.8365696Z ./tags/编辑器配置/
2025-06-19T07:17:17.8366026Z ./tags/编辑器配置/index.html
2025-06-19T07:17:17.8366371Z ./tags/开源/
2025-06-19T07:17:17.8366676Z ./tags/开源/index.html
2025-06-19T07:17:17.8367025Z ./tags/主机评测/
2025-06-19T07:17:17.8367351Z ./tags/主机评测/index.html
2025-06-19T07:17:17.8367654Z ./tags/token/
2025-06-19T07:17:17.8368108Z ./tags/token/index.html
2025-06-19T07:17:17.8368421Z ./tags/wireguard/
2025-06-19T07:17:17.8368721Z ./tags/wireguard/index.html
2025-06-19T07:17:17.8369123Z ./tags/工具/
2025-06-19T07:17:17.8369447Z ./tags/工具/index.html
2025-06-19T07:17:17.8369747Z ./tags/chatbot/
2025-06-19T07:17:17.8370058Z ./tags/chatbot/index.html
2025-06-19T07:17:17.8370390Z ./tags/claw-cloud/
2025-06-19T07:17:17.8370696Z ./tags/claw-cloud/index.html
2025-06-19T07:17:17.8371092Z ./tags/远程访问/
2025-06-19T07:17:17.8371416Z ./tags/远程访问/index.html
2025-06-19T07:17:17.8371706Z ./tags/xai/
2025-06-19T07:17:17.8371976Z ./tags/xai/index.html
2025-06-19T07:17:17.8372287Z ./tags/tools/
2025-06-19T07:17:17.8372566Z ./tags/tools/index.html
2025-06-19T07:17:17.8372867Z ./tags/wps/
2025-06-19T07:17:17.8373141Z ./tags/wps/index.html
2025-06-19T07:17:17.8373444Z ./tags/debug/
2025-06-19T07:17:17.8373717Z ./tags/debug/index.html
2025-06-19T07:17:17.8374028Z ./tags/index.html
2025-06-19T07:17:17.8374362Z ./tags/云虚拟机/
2025-06-19T07:17:17.8374679Z ./tags/云虚拟机/index.html
2025-06-19T07:17:17.8374987Z ./tags/chatgpt/
2025-06-19T07:17:17.8375288Z ./tags/chatgpt/index.html
2025-06-19T07:17:17.8375666Z ./tags/编码助手/
2025-06-19T07:17:17.8375988Z ./tags/编码助手/index.html
2025-06-19T07:17:17.8376298Z ./tags/trojan/
2025-06-19T07:17:17.8376586Z ./tags/trojan/index.html
2025-06-19T07:17:17.8376951Z ./tags/copilot/
2025-06-19T07:17:17.8377248Z ./tags/copilot/index.html
2025-06-19T07:17:17.8377615Z ./tags/编辑器/
2025-06-19T07:17:17.8378093Z ./tags/编辑器/index.html
2025-06-19T07:17:17.8378433Z ./tags/开发工具/
2025-06-19T07:17:17.8378756Z ./tags/开发工具/index.html
2025-06-19T07:17:17.8379058Z ./tags/cursor/
2025-06-19T07:17:17.8379352Z ./tags/cursor/index.html
2025-06-19T07:17:17.8379550Z ./tags/gemini/
2025-06-19T07:17:17.8379723Z ./tags/gemini/index.html
2025-06-19T07:17:17.8379924Z ./tags/macbook/
2025-06-19T07:17:17.8380100Z ./tags/macbook/index.html
2025-06-19T07:17:17.8380292Z ./tags/gpt4/
2025-06-19T07:17:17.8380457Z ./tags/gpt4/index.html
2025-06-19T07:17:17.8381965Z ./tags/wechat/
2025-06-19T07:17:17.8382342Z ./tags/wechat/index.html
2025-06-19T07:17:17.8382725Z ./tags/supercomplete/
2025-06-19T07:17:17.8383309Z ./tags/supercomplete/index.html
2025-06-19T07:17:17.8383707Z ./tags/vps/
2025-06-19T07:17:17.8384029Z ./tags/vps/index.html
2025-06-19T07:17:17.8384367Z ./tags/deepseek/
2025-06-19T07:17:17.8384719Z ./tags/deepseek/index.html
2025-06-19T07:17:17.8385086Z ./tags/translation/
2025-06-19T07:17:17.8385422Z ./tags/translation/index.html
2025-06-19T07:17:17.8385797Z ./tags/ide/
2025-06-19T07:17:17.8386093Z ./tags/ide/index.html
2025-06-19T07:17:17.8386418Z ./tags/jules/
2025-06-19T07:17:17.8386721Z ./tags/jules/index.html
2025-06-19T07:17:17.8387059Z ./tags/vs-code/
2025-06-19T07:17:17.8387377Z ./tags/vs-code/index.html
2025-06-19T07:17:17.8387903Z ./tags/openai/
2025-06-19T07:17:17.8388228Z ./tags/openai/index.html
2025-06-19T07:17:17.8388683Z ./tags/智能编程/
2025-06-19T07:17:17.8389036Z ./tags/智能编程/index.html
2025-06-19T07:17:17.8389379Z ./tags/windsurf/
2025-06-19T07:17:17.8389703Z ./tags/windsurf/index.html
2025-06-19T07:17:17.8390101Z ./tags/效率工具/
2025-06-19T07:17:17.8390445Z ./tags/效率工具/index.html
2025-06-19T07:17:17.8390775Z ./tags/claude/
2025-06-19T07:17:17.8391251Z ./tags/claude/index.html
2025-06-19T07:17:17.8391652Z ./tags/ai办公/
2025-06-19T07:17:17.8392358Z ./tags/ai办公/index.html
2025-06-19T07:17:17.8392733Z ./tags/junie/
2025-06-19T07:17:17.8393045Z ./tags/junie/index.html
2025-06-19T07:17:17.8393390Z ./tags/codeium/
2025-06-19T07:17:17.8393695Z ./tags/codeium/index.html
2025-06-19T07:17:17.8394127Z ./tags/tab补全/
2025-06-19T07:17:17.8394492Z ./tags/tab补全/index.html
2025-06-19T07:17:17.8394822Z ./tags/ai/
2025-06-19T07:17:17.8395132Z ./tags/ai/index.html
2025-06-19T07:17:17.8395456Z ./tags/chatwise/
2025-06-19T07:17:17.8395773Z ./tags/chatwise/index.html
2025-06-19T07:17:17.8396130Z ./tags/zipic/
2025-06-19T07:17:17.8396437Z ./tags/zipic/index.html
2025-06-19T07:17:17.8396762Z ./tags/mac/
2025-06-19T07:17:17.8397030Z ./tags/mac/index.html
2025-06-19T07:17:17.8397407Z ./tags/测试/
2025-06-19T07:17:17.8397933Z ./tags/测试/index.html
2025-06-19T07:17:17.8398259Z ./2018/
2025-06-19T07:17:17.8398530Z ./2018/ss/
2025-06-19T07:17:17.8398828Z ./2018/ss/index.html
2025-06-19T07:17:17.8399146Z ./2018/iTerm/
2025-06-19T07:17:17.8399447Z ./2018/iTerm/index.html
2025-06-19T07:17:17.8399767Z ./2018/cs/
2025-06-19T07:17:17.8400035Z ./2018/cs/index.html
2025-06-19T07:17:17.8400375Z ./2018/gcp-change-root-pwd/
2025-06-19T07:17:17.8400781Z ./2018/gcp-change-root-pwd/index.html
2025-06-19T07:17:17.8401202Z ./2018/key-map/
2025-06-19T07:17:17.8401511Z ./2018/key-map/index.html
2025-06-19T07:17:17.8401854Z ./about/
2025-06-19T07:17:17.8402119Z ./about/index.html
2025-06-19T07:17:17.8402443Z ./app.min.js
2025-06-19T07:17:17.8402738Z ./page3/
2025-06-19T07:17:17.8403007Z ./page3/index.html
2025-06-19T07:17:17.8403316Z ./archives/
2025-06-19T07:17:17.8403607Z ./archives/index.html
2025-06-19T07:17:17.8403921Z ./2025/
2025-06-19T07:17:17.8404201Z ./2025/cursor-struct/
2025-06-19T07:17:17.8404535Z ./2025/cursor-struct/index.html
2025-06-19T07:17:17.8404945Z ./2025/windsurf-tab-tuning-guide/
2025-06-19T07:17:17.8405398Z ./2025/windsurf-tab-tuning-guide/index.html
2025-06-19T07:17:17.8405865Z ./2025/wireguard-ollama/
2025-06-19T07:17:17.8406250Z ./2025/wireguard-ollama/index.html
2025-06-19T07:17:17.8406667Z ./2025/chatbot-cherry-studio/
2025-06-19T07:17:17.8407076Z ./2025/chatbot-cherry-studio/index.html
2025-06-19T07:17:17.8407510Z ./2025/vscode-copilot/
2025-06-19T07:17:17.8408030Z ./2025/vscode-copilot/index.html
2025-06-19T07:17:17.8408450Z ./2025/cursor-repo-structure/
2025-06-19T07:17:17.8408871Z ./2025/cursor-repo-structure/index.html
2025-06-19T07:17:17.8409291Z ./2025/cursor-improve/
2025-06-19T07:17:17.8409663Z ./2025/cursor-improve/index.html
2025-06-19T07:17:17.8410046Z ./2025/gemini-search/
2025-06-19T07:17:17.8410387Z ./2025/gemini-search/index.html
2025-06-19T07:17:17.8410766Z ./2025/cursor-translate/
2025-06-19T07:17:17.8411137Z ./2025/cursor-translate/index.html
2025-06-19T07:17:17.8411547Z ./2025/windsurf-wave4/
2025-06-19T07:17:17.8411884Z ./2025/windsurf-wave4/index.html
2025-06-19T07:17:17.8412276Z ./2025/cursor-tips/
2025-06-19T07:17:17.8412770Z ./2025/cursor-tips/index.html
2025-06-19T07:17:17.8413146Z ./2025/trae-vs-cursor/
2025-06-19T07:17:17.8413487Z ./2025/trae-vs-cursor/index.html
2025-06-19T07:17:17.8413877Z ./2025/cherry-studio/
2025-06-19T07:17:17.8414217Z ./2025/cherry-studio/index.html
2025-06-19T07:17:17.8414604Z ./2025/free-deepseek-r1/
2025-06-19T07:17:17.8414979Z ./2025/free-deepseek-r1/index.html
2025-06-19T07:17:17.8415376Z ./2025/junie-preview/
2025-06-19T07:17:17.8415725Z ./2025/junie-preview/index.html
2025-06-19T07:17:17.8416105Z ./2025/wechat-packet/
2025-06-19T07:17:17.8416441Z ./2025/wechat-packet/index.html
2025-06-19T07:17:17.8416855Z ./2025/ai-tools-that-understand-you/
2025-06-19T07:17:17.8417338Z ./2025/ai-tools-that-understand-you/index.html
2025-06-19T07:17:17.8417966Z ./2025/perpelxity-ai/
2025-06-19T07:17:17.8418328Z ./2025/perpelxity-ai/index.html
2025-06-19T07:17:17.8418708Z ./2025/llms-in-2024/
2025-06-19T07:17:17.8419046Z ./2025/llms-in-2024/index.html
2025-06-19T07:17:17.8419421Z ./2025/windsurf-wave5/
2025-06-19T07:17:17.8419786Z ./2025/windsurf-wave5/index.html
2025-06-19T07:17:17.8420344Z ./2025/claude-37-sonnet/
2025-06-19T07:17:17.8420720Z ./2025/claude-37-sonnet/index.html
2025-06-19T07:17:17.8421143Z ./2025/share-private-get-token/
2025-06-19T07:17:17.8421582Z ./2025/share-private-get-token/index.html
2025-06-19T07:17:17.8422028Z ./2025/cursor-mdc-tips/
2025-06-19T07:17:17.8422391Z ./2025/cursor-mdc-tips/index.html
2025-06-19T07:17:17.8422814Z ./2025/deepseek-wps-integration/
2025-06-19T07:17:17.8423266Z ./2025/deepseek-wps-integration/index.html
2025-06-19T07:17:17.8423716Z ./2025/chatbot-svg/
2025-06-19T07:17:17.8424038Z ./2025/chatbot-svg/index.html
2025-06-19T07:17:17.8424423Z ./2025/windsurf-wave6/
2025-06-19T07:17:17.8424755Z ./2025/windsurf-wave6/index.html
2025-06-19T07:17:17.8425151Z ./2025/windsurf-change/
2025-06-19T07:17:17.8425501Z ./2025/windsurf-change/index.html
2025-06-19T07:17:17.8425909Z ./2025/15-months-gemini/
2025-06-19T07:17:17.8426269Z ./2025/15-months-gemini/index.html
2025-06-19T07:17:17.8426697Z ./2025/google-coding-agent-jules/
2025-06-19T07:17:17.8427141Z ./2025/google-coding-agent-jules/index.html
2025-06-19T07:17:17.8427598Z ./2025/local-deepseek-r1/
2025-06-19T07:17:17.8428150Z ./2025/local-deepseek-r1/index.html
2025-06-19T07:17:17.8428555Z ./2025/windsurf-next/
2025-06-19T07:17:17.8428893Z ./2025/windsurf-next/index.html
2025-06-19T07:17:17.8429280Z ./2025/claw-cloud-vps-review/
2025-06-19T07:17:17.8429683Z ./2025/claw-cloud-vps-review/index.html
2025-06-19T07:17:17.8430107Z ./2025/cursor-048-version/
2025-06-19T07:17:17.8430488Z ./2025/cursor-048-version/index.html
2025-06-19T07:17:17.8430906Z ./2025/cursor-new-version/
2025-06-19T07:17:17.8431270Z ./2025/cursor-new-version/index.html
2025-06-19T07:17:17.8431678Z ./2025/cursor-prompt/
2025-06-19T07:17:17.8432021Z ./2025/cursor-prompt/index.html
2025-06-19T07:17:17.8432396Z ./2025/windsurf-wave3/
2025-06-19T07:17:17.8432744Z ./2025/windsurf-wave3/index.html
2025-06-19T07:17:17.8433121Z ./2025/cursor-agent/
2025-06-19T07:17:17.8433460Z ./2025/cursor-agent/index.html
2025-06-19T07:17:17.8433855Z ./2025/fastest-deepseek-r1/
2025-06-19T07:17:17.8435599Z ./2025/fastest-deepseek-r1/index.html
2025-06-19T07:17:17.8436024Z ./2025/mcp-todo/
2025-06-19T07:17:17.8436333Z ./2025/mcp-todo/index.html
2025-06-19T07:17:17.8436679Z ./2025/deep-research/
2025-06-19T07:17:17.8437010Z ./2025/deep-research/index.html
2025-06-19T07:17:17.8437360Z ./2025/cursor-049/
2025-06-19T07:17:17.8437660Z ./2025/cursor-049/index.html
2025-06-19T07:17:17.8438170Z ./2025/copilot-vscode/
2025-06-19T07:17:17.8438501Z ./2025/copilot-vscode/index.html
2025-06-19T07:17:17.8456429Z ./2025/my-using-emby/
2025-06-19T07:17:17.8456796Z ./2025/my-using-emby/index.html
2025-06-19T07:17:17.8457155Z ./2025/nezha/
2025-06-19T07:17:17.8457441Z ./2025/nezha/index.html
2025-06-19T07:17:17.8457939Z ./2025/cursor-debug/
2025-06-19T07:17:17.8458286Z ./2025/cursor-debug/index.html
2025-06-19T07:17:17.8458639Z ./2025/cursor-47/
2025-06-19T07:17:17.8458942Z ./2025/cursor-47/index.html
2025-06-19T07:17:17.8459497Z ./2025/chatwise/
2025-06-19T07:17:17.8459794Z ./2025/chatwise/index.html
2025-06-19T07:17:17.8460151Z ./2025/o3mini-pk-deepseek/
2025-06-19T07:17:17.8460526Z ./2025/o3mini-pk-deepseek/index.html
2025-06-19T07:17:17.8460943Z ./2025/chatgpt-account-recover/
2025-06-19T07:17:17.8461349Z ./2025/chatgpt-account-recover/index.html
2025-06-19T07:17:17.8461756Z ./404.html
2025-06-19T07:17:17.8462017Z ./ads.txt
2025-06-19T07:17:17.8462264Z ./index.html
2025-06-19T07:17:17.8462532Z ./page2/
2025-06-19T07:17:17.8462804Z ./page2/index.html
2025-06-19T07:17:17.8463131Z ./assets/
2025-06-19T07:17:17.8463384Z ./assets/js/
2025-06-19T07:17:17.8463659Z ./assets/js/data/
2025-06-19T07:17:17.8463977Z ./assets/js/data/search.json
2025-06-19T07:17:17.8464344Z ./assets/js/data/mathjax.js
2025-06-19T07:17:17.8464701Z ./assets/js/data/swconf.js
2025-06-19T07:17:17.8465036Z ./assets/js/dist/
2025-06-19T07:17:17.8465334Z ./assets/js/dist/page.min.js
2025-06-19T07:17:17.8465693Z ./assets/js/dist/misc.min.js
2025-06-19T07:17:17.8466061Z ./assets/js/dist/post.min.js
2025-06-19T07:17:17.8466571Z ./assets/js/dist/home.min.js
2025-06-19T07:17:17.8466949Z ./assets/js/dist/categories.min.js
2025-06-19T07:17:17.8467355Z ./assets/js/dist/commons.min.js
2025-06-19T07:17:17.8467873Z ./assets/js/dist/theme.min.js
2025-06-19T07:17:17.8468227Z ./assets/img/
2025-06-19T07:17:17.8468511Z ./assets/img/favicons/
2025-06-19T07:17:17.8468864Z ./assets/img/favicons/favicon.ico
2025-06-19T07:17:17.8469279Z ./assets/img/favicons/favicon-96x96.png
2025-06-19T07:17:17.8469714Z ./assets/img/favicons/site.webmanifest
2025-06-19T07:17:17.8470186Z ./assets/img/favicons/web-app-manifest-192x192.png
2025-06-19T07:17:17.8470805Z ./assets/img/favicons/apple-touch-icon.png
2025-06-19T07:17:17.8471310Z ./assets/img/favicons/android-chrome-192x192.png
2025-06-19T07:17:17.8471795Z ./assets/img/favicons/favicon-32x32.png
2025-06-19T07:17:17.8472217Z ./assets/img/favicons/favicon.svg
2025-06-19T07:17:17.8472623Z ./assets/img/favicons/favicon-16x16.png
2025-06-19T07:17:17.8473114Z ./assets/img/favicons/web-app-manifest-512x512.png
2025-06-19T07:17:17.8473595Z ./assets/img/favicons/browserconfig.xml
2025-06-19T07:17:17.8473991Z ./assets/css/
2025-06-19T07:17:17.8474321Z ./assets/css/jekyll-theme-chirpy.css.map
2025-06-19T07:17:17.8474766Z ./assets/css/jekyll-theme-chirpy.css
2025-06-19T07:17:17.8475164Z ./categories/
2025-06-19T07:17:17.8475565Z ./categories/人工智能/
2025-06-19T07:17:17.8475936Z ./categories/人工智能/index.html
2025-06-19T07:17:17.8476350Z ./categories/大模型/
2025-06-19T07:17:17.8476719Z ./categories/大模型/index.html
2025-06-19T07:17:17.8477056Z ./categories/llm/
2025-06-19T07:17:17.8477369Z ./categories/llm/index.html
2025-06-19T07:17:17.8477853Z ./categories/google/
2025-06-19T07:17:17.8478189Z ./categories/google/index.html
2025-06-19T07:17:17.8478474Z ./categories/tips/
2025-06-19T07:17:17.8478669Z ./categories/tips/index.html
2025-06-19T07:17:17.8478873Z ./categories/cs/
2025-06-19T07:17:17.8479051Z ./categories/cs/index.html
2025-06-19T07:17:17.8479268Z ./categories/blog/
2025-06-19T07:17:17.8479502Z ./categories/blog/index.html
2025-06-19T07:17:17.8479861Z ./categories/macos/
2025-06-19T07:17:17.8480199Z ./categories/macos/index.html
2025-06-19T07:17:17.8480645Z ./categories/开源/
2025-06-19T07:17:17.8481018Z ./categories/开源/index.html
2025-06-19T07:17:17.8481389Z ./categories/主机评测/
2025-06-19T07:17:17.8481775Z ./categories/主机评测/index.html
2025-06-19T07:17:17.8482184Z ./categories/编程工具/
2025-06-19T07:17:17.8482555Z ./categories/编程工具/index.html
2025-06-19T07:17:17.8482942Z ./categories/工具/
2025-06-19T07:17:17.8483208Z ./categories/工具/index.html
2025-06-19T07:17:17.8483443Z ./categories/编辑器技巧/
2025-06-19T07:17:17.8483671Z ./categories/编辑器技巧/index.html
2025-06-19T07:17:17.8483872Z ./categories/tools/
2025-06-19T07:17:17.8484060Z ./categories/tools/index.html
2025-06-19T07:17:17.8484271Z ./categories/index.html
2025-06-19T07:17:17.8484491Z ./categories/开发技术/
2025-06-19T07:17:17.8484701Z ./categories/开发技术/index.html
2025-06-19T07:17:17.8485132Z ./categories/开发工具/
2025-06-19T07:17:17.8485353Z ./categories/开发工具/index.html
2025-06-19T07:17:17.8485577Z ./categories/调试/
2025-06-19T07:17:17.8485785Z ./categories/调试/index.html
2025-06-19T07:17:17.8485987Z ./categories/vps/
2025-06-19T07:17:17.8486168Z ./categories/vps/index.html
2025-06-19T07:17:17.8486372Z ./categories/ide/
2025-06-19T07:17:17.8486551Z ./categories/ide/index.html
2025-06-19T07:17:17.8486748Z ./categories/vs-code/
2025-06-19T07:17:17.8486958Z ./categories/vs-code/index.html
2025-06-19T07:17:17.8487208Z ./categories/ai工具/
2025-06-19T07:17:17.8487441Z ./categories/ai工具/index.html
2025-06-19T07:17:17.8487874Z ./categories/windsurf/
2025-06-19T07:17:17.8488197Z ./categories/windsurf/index.html
2025-06-19T07:17:17.8488455Z ./categories/codeium/
2025-06-19T07:17:17.8488653Z ./categories/codeium/index.html
2025-06-19T07:17:17.8488871Z ./categories/ai/
2025-06-19T07:17:17.8489049Z ./categories/ai/index.html
2025-06-19T07:17:17.8489251Z ./CNAME
2025-06-19T07:17:17.8489410Z ./contact/
2025-06-19T07:17:17.8489680Z ./contact/index.html
2025-06-19T07:17:17.8490006Z ./robots.txt
2025-06-19T07:17:17.8490205Z ./cookie-settings/
2025-06-19T07:17:17.8490403Z ./cookie-settings/index.html
2025-06-19T07:17:17.8490604Z ./page4/
2025-06-19T07:17:17.8490763Z ./page4/index.html
2025-06-19T07:17:17.8490948Z ./privacy-policy/
2025-06-19T07:17:17.8491143Z ./privacy-policy/index.html
2025-06-19T07:17:17.8491353Z ./COOKIE_PREVIEW.md
2025-06-19T07:17:17.8491529Z ./2024/
2025-06-19T07:17:17.8491713Z ./2024/image-automatic-compression/
2025-06-19T07:17:17.8491989Z ./2024/image-automatic-compression/index.html
2025-06-19T07:17:17.8492250Z ./2024/cursor-tips/
2025-06-19T07:17:17.8492443Z ./2024/cursor-tips/index.html
2025-06-19T07:17:17.8492648Z ./2024/Windsurf/
2025-06-19T07:17:17.8492830Z ./2024/Windsurf/index.html
2025-06-19T07:17:17.8493032Z ./2024/wechat-blog/
2025-06-19T07:17:17.8493215Z ./2024/wechat-blog/index.html
2025-06-19T07:17:17.8493428Z ./2024/obsidian-cursor/
2025-06-19T07:17:17.8493631Z ./2024/obsidian-cursor/index.html
2025-06-19T07:17:17.8493849Z ./2024/Cursor/
2025-06-19T07:17:17.8494032Z ./2024/Cursor/index.html
2025-06-19T07:17:17.8494225Z ./index/
2025-06-19T07:17:17.8494511Z ./index/The Subtle Art of Not Giving a F*ck - 中文图表.md
2025-06-19T07:17:17.8494847Z ./index/The Subtle Art of Not Giving a F*ck - Diagram.md
2025-06-19T07:17:17.8495230Z ./index/The Subtle Art of Not Giving a F*ck - 中文可视化.svg
2025-06-19T07:17:17.8495610Z ./index/The Subtle Art of Not Giving a F*ck - 所有中文可视化.md
2025-06-19T07:17:17.8495956Z ./index/The Subtle Art of Not Giving a F*ck - Visualization.html
2025-06-19T07:17:17.8496357Z ./index/The Subtle Art of Not Giving a F*ck - 中文可视化.html
2025-06-19T07:17:17.8496714Z ./index/The Subtle Art of Not Giving a F*ck - All Visualizations.md
2025-06-19T07:17:17.8497118Z ./index/The Subtle Art of Not Giving a F*ck - 中文React.jsx
2025-06-19T07:17:17.8497442Z ./index/The Subtle Art of Not Giving a F*ck - React.jsx
2025-06-19T07:17:17.8498002Z ./index/The Subtle Art of Not Giving a F*ck - 思维导图.md
2025-06-19T07:17:17.8498352Z ./index/The Subtle Art of Not Giving a F*ck - Summarized.md
2025-06-19T07:17:17.8498735Z ./index/The Subtle Art of Not Giving a F*ck - 中文总结.md
2025-06-19T07:17:17.8499077Z ./index/The Subtle Art of Not Giving a F*ck - Visualization.svg
2025-06-19T07:17:17.8499424Z ./index/The Subtle Art of Not Giving a F*ck - Summary.md
2025-06-19T07:17:17.8499685Z ./page7/
2025-06-19T07:17:17.8499852Z ./page7/index.html
2025-06-19T07:17:17.8500036Z ./disclaimer/
2025-06-19T07:17:17.8500210Z ./disclaimer/index.html
2025-06-19T07:17:17.8500400Z ./sw.min.js
2025-06-19T07:17:17.8500785Z ##[endgroup]
2025-06-19T07:17:17.8555495Z ##[group]Run actions/upload-artifact@v4
2025-06-19T07:17:17.8555748Z with:
2025-06-19T07:17:17.8555914Z   name: github-pages
2025-06-19T07:17:17.8556141Z   path: /home/runner/work/_temp/artifact.tar
2025-06-19T07:17:17.8556405Z   retention-days: 1
2025-06-19T07:17:17.8556599Z   if-no-files-found: error
2025-06-19T07:17:17.8556810Z   compression-level: 6
2025-06-19T07:17:17.8557145Z   overwrite: false
2025-06-19T07:17:17.8557344Z   include-hidden-files: false
2025-06-19T07:17:17.8557551Z env:
2025-06-19T07:17:17.8557954Z   GITHUB_PAGES: true
2025-06-19T07:17:17.8558152Z ##[endgroup]
2025-06-19T07:17:18.0638658Z With the provided path, there will be 1 file uploaded
2025-06-19T07:17:18.0644511Z Artifact name is valid!
2025-06-19T07:17:18.0646118Z Root directory input is valid!
2025-06-19T07:17:18.2498218Z Beginning upload of artifact content to blob storage
2025-06-19T07:17:19.2465054Z Uploaded bytes 1265510
2025-06-19T07:17:19.3410965Z Finished uploading artifact content to blob storage!
2025-06-19T07:17:19.3414713Z SHA256 digest of uploaded artifact zip is bd414b37f204ada8723626504b21f500fb8995f232c7937ff62a4daf2eb811d6
2025-06-19T07:17:19.3416252Z Finalizing artifact upload
2025-06-19T07:17:19.4601238Z Artifact github-pages.zip successfully finalized. Artifact ID 3360973781
2025-06-19T07:17:19.4602348Z Artifact github-pages has been successfully uploaded! Final size is 1265510 bytes. Artifact ID is 3360973781
2025-06-19T07:17:19.4609738Z Artifact download URL: https://github.com/gongchunru/gongchunru.github.io/actions/runs/15751935277/artifacts/3360973781
2025-06-19T07:17:19.4760347Z Post job cleanup.
2025-06-19T07:17:19.5681157Z [command]/usr/bin/git version
2025-06-19T07:17:19.5717991Z git version 2.49.0
2025-06-19T07:17:19.5762147Z Temporarily overriding HOME='/home/runner/work/_temp/02351ce5-c82b-46c4-9b5a-b02c49e4eca7' before making global git config changes
2025-06-19T07:17:19.5763450Z Adding repository directory to the temporary git global config as a safe directory
2025-06-19T07:17:19.5775708Z [command]/usr/bin/git config --global --add safe.directory /home/runner/work/gongchunru.github.io/gongchunru.github.io
2025-06-19T07:17:19.5810333Z [command]/usr/bin/git config --local --name-only --get-regexp core\.sshCommand
2025-06-19T07:17:19.5843146Z [command]/usr/bin/git submodule foreach --recursive sh -c "git config --local --name-only --get-regexp 'core\.sshCommand' && git config --local --unset-all 'core.sshCommand' || :"
2025-06-19T07:17:19.6076750Z [command]/usr/bin/git config --local --name-only --get-regexp http\.https\:\/\/github\.com\/\.extraheader
2025-06-19T07:17:19.6097322Z http.https://github.com/.extraheader
2025-06-19T07:17:19.6110375Z [command]/usr/bin/git config --local --unset-all http.https://github.com/.extraheader
2025-06-19T07:17:19.6140863Z [command]/usr/bin/git submodule foreach --recursive sh -c "git config --local --name-only --get-regexp 'http\.https\:\/\/github\.com\/\.extraheader' && git config --local --unset-all 'http.https://github.com/.extraheader' || :"
2025-06-19T07:17:19.6461742Z Cleaning up orphan processes